// Jest Snapshot v1, https://goo.gl/fbAQLP

exports[`ActionsField should match the snapshot 1`] = `
<div
  className="action-toggle"
>
  <header
    className=""
    onClick={[Function]}
  >
    <p
      className="chosen"
    >
      Create an app
    </p>
    <img
      alt="down"
      src="down.svg"
    />
  </header>
</div>
`;
