// Jest Snapshot v1, https://goo.gl/fbAQLP

exports[`TemplateQuestion Component should match the snapshot 1`] = `
<TemplateQuestion
  templateQuestion="A neighbor sings at a most ungodly hour"
>
  <h3
    className="template-question-h3"
  >
    A neighbor sings at a most ungodly hour
  </h3>
</TemplateQuestion>
`;
