// Jest Snapshot v1, https://goo.gl/fbAQLP

exports[`LoginForm component should match the snapshot 1`] = `
<LoginForm
  isLoading={true}
  isLogin={true}
  setCookie={[MockFunction]}
  setIsLoading={[MockFunction]}
  toggleTab={[MockFunction]}
>
  <div>
    <header>
      <h2
        className="active-tab"
      >
        Login
      </h2>
      <h2
        className="hidden-tab"
        onClick={[Function]}
      >
        Sign Up
      </h2>
    </header>
    <form>
      <label
        htmlFor="email"
      >
        Email
        <input
          autoComplete="off"
          id="email"
          name="email"
          onBlur={[Function]}
          onChange={[Function]}
          placeholder="name@email.com"
          readOnly={true}
          required={true}
          type="text"
          value=""
        />
      </label>
      <label
        htmlFor="password"
      >
        Password
        <input
          id="password"
          name="password"
          onBlur={[Function]}
          onChange={[Function]}
          placeholder="********"
          readOnly={true}
          required={true}
          type="password"
          value=""
        />
      </label>
      <button
        disabled={true}
        onClick={[Function]}
        type="button"
      >
        <LoadingImage>
          <div
            className="bubble-loading"
          >
            <p />
            <p />
            <p />
          </div>
        </LoadingImage>
      </button>
    </form>
  </div>
</LoginForm>
`;
