// Jest Snapshot v1, https://goo.gl/fbAQLP

exports[`LoginForm component should match the snapshot 1`] = `
<div>
  <header>
    <h2
      className="hidden"
      onClick={[Function]}
    >
      Sign Up
    </h2>
    <h2
      className="active"
    >
      Log In
    </h2>
  </header>
  <form>
    <label
      htmlFor="email"
    >
      Email
    </label>
    <input
      autoComplete="off"
      id="email"
      name="email"
      onBlur={[Function]}
      onChange={[Function]}
      placeholder="name@email.com"
      required={true}
      type="text"
      value=""
    />
    <label
      htmlFor="password"
    >
      Password
    </label>
    <input
      id="password"
      name="password"
      onBlur={[Function]}
      onChange={[Function]}
      placeholder="********"
      required={true}
      type="password"
      value=""
    />
    <button
      disabled={true}
      onClick={[Function]}
      type="button"
    >
      Login
    </button>
  </form>
</div>
`;
