// Jest Snapshot v1, https://goo.gl/fbAQLP

exports[`BubblesAll component should match the snapshot 1`] = `
<section
  className="all-bbls"
>
  <p
    className="bubble randomly"
    key="container-1"
  >
    <span />
    <button
      id="container"
      onClick={[Function]}
    >
      container
    </button>
  </p>
  <p
    className="bubble randomly"
    key="book-2"
  >
    <span />
    <button
      id="book"
      onClick={[Function]}
    >
      book
    </button>
  </p>
  <p
    className="bubble randomly"
    key="sport-3"
  >
    <span />
    <button
      id="sport"
      onClick={[Function]}
    >
      sport
    </button>
  </p>
  <p
    className="bubble randomly"
    key="time-4"
  >
    <span />
    <button
      id="time"
      onClick={[Function]}
    >
      time
    </button>
  </p>
  <p
    className="bubble randomly"
    key="cloud-5"
  >
    <span />
    <button
      id="cloud"
      onClick={[Function]}
    >
      cloud
    </button>
  </p>
  <p
    className="bubble randomly"
    key="water-6"
  >
    <span />
    <button
      id="water"
      onClick={[Function]}
    >
      water
    </button>
  </p>
  <p
    className="bubble randomly"
    key="security-7"
  >
    <span />
    <button
      id="security"
      onClick={[Function]}
    >
      security
    </button>
  </p>
  <p
    className="bubble randomly"
    key="color-8"
  >
    <span />
    <button
      id="color"
      onClick={[Function]}
    >
      color
    </button>
  </p>
</section>
`;

exports[`BubblesAll component should match the snapshot if time is ended 1`] = `
<section
  className="all-bbls"
>
  <Redirect
    to="/instructions/second-rd"
  />
</section>
`;
