// Jest Snapshot v1, https://goo.gl/fbAQLP

exports[`Insights component should match the snapshot 1`] = `
<Insights
  responses={
    Array [
      "Response",
    ]
  }
  setResponses={[MockFunction]}
  text="Response"
>
  <div
    className="insights-div"
  >
    <h3>
      Response
    </h3>
    <img
      alt="delete icon"
      onClick={[Function]}
      src="close.svg"
    />
  </div>
</Insights>
`;
