// Jest Snapshot v1, https://goo.gl/fbAQLP

exports[`UserProfile should match the snapshot 1`] = `
<div
  className="user-profile-div"
>
  <img
    alt="user profile"
    className="profile-pic"
    src="avatar.jpg"
  />
  <h2>
    <span>
      Alan
    </span>
     
    <span>
      Birds
    </span>
  </h2>
  <img
    alt="menu-svg"
    className="menu-svg"
    src="menu-dot.svg"
  />
</div>
`;
